// Jest Snapshot v1, https://goo.gl/fbAQLP

exports[`gets the correct keys from env variables 1`] = `
Object {
  "apiKey": "fake-api-key",
  "appId": "fake-app",
  "bootstrapConcurrency": 100,
  "bootstrapIndexName": "npm-search-bootstrap",
  "indexName": "fake-index",
  "indexRules": Array [
    Object {
      "condition": Object {
        "anchoring": "is",
        "pattern": "{facet:_searchInternal.alternativeNames}",
      },
      "consequence": Object {
        "params": Object {
          "automaticOptionalFacetFilters": Array [
            "_searchInternal.alternativeNames",
          ],
        },
      },
      "description": "promote exact matches",
      "objectID": "promote-exact",
    },
    Object {
      "condition": Object {
        "anchoring": "contains",
        "pattern": "author\\\\: {facet:owner.name}",
      },
      "consequence": Object {
        "params": Object {
          "automaticFacetFilters": Array [
            "owner.name",
          ],
          "query": Object {
            "remove": Array [
              "author\\\\:",
              "{facet:owner.name}",
            ],
          },
        },
      },
      "description": "filter on author: {owner.name}",
      "objectID": "author-filter",
    },
    Object {
      "condition": Object {
        "anchoring": "contains",
        "pattern": "owner\\\\: {facet:owner.name}",
      },
      "consequence": Object {
        "params": Object {
          "automaticFacetFilters": Array [
            "owner.name",
          ],
          "query": Object {
            "remove": Array [
              "owner\\\\:",
              "{facet:owner.name}",
            ],
          },
        },
      },
      "description": "filter on owner: {owner.name}",
      "objectID": "owner-filter",
    },
    Object {
      "condition": Object {
        "anchoring": "contains",
        "pattern": "keyword\\\\: {facet:keywords}",
      },
      "consequence": Object {
        "params": Object {
          "automaticFacetFilters": Array [
            "keywords",
          ],
          "query": Object {
            "remove": Array [
              "keyword\\\\:",
              "{facet:keywords}",
            ],
          },
        },
      },
      "description": "filter on keyword: {keywords}",
      "objectID": "keyword-filter",
    },
  ],
  "indexSettings": Object {
    "attributesForFaceting": Array [
      "filterOnly(_searchInternal.alternativeNames)",
      "filterOnly(bin)",
      "searchable(keywords)",
      "searchable(computedKeywords)",
      "searchable(owner.name)",
      "deprecated",
    ],
    "customRanking": Array [
      "desc(_searchInternal.downloadsMagnitude)",
      "desc(_searchInternal.jsDelivrPopularity)",
      "desc(dependents)",
      "desc(downloadsLast30Days)",
    ],
    "disableExactOnAttributes": Array [
      "owner.name",
      "owners.name",
    ],
    "disablePrefixOnAttributes": Array [
      "owner.name",
      "owners.name",
    ],
    "exactOnSingleWordQuery": "attribute",
    "optionalWords": Array [
      "js",
      "javascript",
    ],
    "ranking": Array [
      "filters",
      "typo",
      "words",
      "proximity",
      "attribute",
      "asc(deprecated)",
      "asc(badPackage)",
      "desc(popular)",
      "exact",
      "custom",
    ],
    "replaceSynonymsInHighlight": false,
    "searchableAttributes": Array [
      "unordered(_searchInternal.popularName)",
      "name, description, keywords",
      "_searchInternal.alternativeNames",
      "owner.name",
      "owners.name",
    ],
    "separatorsToIndex": "_",
  },
  "indexSynonyms": Array [
    Object {
      "objectID": "underscore",
      "synonyms": Array [
        "_",
        "underscore",
      ],
      "type": "synonym",
    },
    Object {
      "objectID": "a11y",
      "synonyms": Array [
        "a11y",
        "accessibility",
        "accessible",
      ],
      "type": "synonym",
    },
    Object {
      "objectID": "i18n",
      "synonyms": Array [
        "i18n",
        "internationalisation",
        "internationalization",
        "translation",
        "translate",
      ],
      "type": "synonym",
    },
    Object {
      "objectID": "k8s",
      "synonyms": Array [
        "k8s",
        "kubernetes",
      ],
      "type": "synonym",
    },
  ],
  "jsDelivrHitsEndpoint": "https://data.jsdelivr.com/v1/stats/packages/month/all",
  "maxObjSize": 450000,
  "npmDownloadsEndpoint": "https://api.npmjs.org/downloads",
  "npmRegistryEndpoint": "https://replicate.npmjs.com/registry",
  "npmRootEndpoint": "https://api.npmjs.org/",
  "popularDownloadsRatio": 0.005,
  "replicateConcurrency": 10,
  "seq": null,
  "timeToRedoBootstrap": 604800000,
  "unpkgRoot": "https://unpkg.com/",
}
`;
